INFO  [alembic.runtime.migration] Context impl SQLiteImpl.
INFO  [alembic.runtime.migration] Will assume non-transactional DDL.
INFO  [alembic.runtime.migration] Running upgrade  -> 0001_m0, m0 initial schema
INFO  [alembic.runtime.migration] Running upgrade 0001_m0 -> 0002_artifacts, m0 artifacts registry
INFO  [alembic.runtime.migration] Running upgrade 0002_artifacts -> 0003_evidence, m0 evidence records and decision payload
INFO  [alembic.runtime.migration] Running upgrade 0003_evidence -> 0004_evidence_sequence, acceptance evidence sequence_no
INFO  [alembic.runtime.migration] Running upgrade 0004_evidence_sequence -> 0005_m1_execution, m1 execution records
INFO  [alembic.runtime.migration] Running upgrade 0005_m1_execution -> 0006_artifact_uri, artifact content reference
INFO  [alembic.runtime.migration] Running upgrade 0006_artifact_uri -> 0007_sandbox_identity, Persist Run ↔ sandbox container identity for stop/reconcile confirmation.
INFO  [alembic.runtime.migration] Running upgrade 0007_sandbox_identity -> 0008_m2_messages, M2: append-only task message log for Planner cursors.
[PASS] m2-c1 runs=4 artifacts=4 -> docs/acceptance/evidence/m2-2026-09-17-remediation/fake-complex/m2-c1.json
[PASS] m2-c2 runs=6 artifacts=5 -> docs/acceptance/evidence/m2-2026-09-17-remediation/fake-complex/m2-c2.json
[PASS] m2-c3 runs=4 artifacts=4 -> docs/acceptance/evidence/m2-2026-09-17-remediation/fake-complex/m2-c3.json
{
  "mode": "dry-run",
  "model": "fake",
  "base_url": "fake",
  "tasks": 3,
  "completed": 3,
  "failed": 0,
  "ok": true,
  "at": "2026-09-17T12:09:38.298459+00:00",
  "records": [
    {
      "task_def": "m2-c1",
      "ok": true,
      "plan_version": 1,
      "failures": [],
      "artifact_count": 4,
      "unbacked_artifacts": []
    },
    {
      "task_def": "m2-c2",
      "ok": true,
      "plan_version": 2,
      "failures": [],
      "artifact_count": 5,
      "unbacked_artifacts": []
    },
    {
      "task_def": "m2-c3",
      "ok": true,
      "plan_version": 1,
      "failures": [],
      "artifact_count": 4,
      "unbacked_artifacts": []
    }
  ]
}
